Генерация ключей ssh, парольные фразы


_____________________________________________________________________

мой отпечаток:    SHA256:tGphtnEAre3SmG6r+7VWiMZOaeNigDKgGYMoAfqx0Rg
_____________________________________________________________________


Для удалённого доступа без ввода пароля можно сгенирировать пару ssh-ключей
1. Генерация ключей:
ssh-keygen -t <алгоритм шифрования>
ssh-keygen -t rsa

tmp6@alexander-VirtualBox:~/.ssh$ ssh-keygen -t rsa
Generating public/private rsa key pair.
Enter file in which to save the key (/home/tmp6/.ssh/id_rsa): jcrjkjrktcujdyj
Enter passphrase (empty for no passphrase): 
Enter same passphrase again: 
Your identification has been saved in jcrjkjrktcujdyj
Your public key has been saved in jcrjkjrktcujdyj.pub
The key fingerprint is:
SHA256:tGphtnEAre3SmG6r+7VWiMZOaeNigDKgGYMoAfqx0Rg tmp6@alexander-VirtualBox
The key's randomart image is:
+---[RSA 3072]----+
|o E ..           |
|o  + ..          |
|+.+ .o. .        |
|B. +. .o .       |
|=+o. B=.S        |
|B   %o+*.        |
|.o B o=.         |
|  o =o..         |
| .o*oo.          |
+----[SHA256]-----+

2. Подключение к неизвестному ssh-серверу требует подтверждение ключа при помощи сличения отпечатков

Lisitsa@alexandr-Aspire-Z5751:~/.ssh$ ssh Lisitsa@172.16.7.85
The authenticity of host '172.16.7.85 (172.16.7.85)' can't be established.
ED25519 key fingerprint is SHA256:jMjLv4yI5GwcQaJtMt3kYRVsFy2o6ob0AsXln9S4W68.
This key is not known by any other names.
Are you sure you want to continue connecting (yes/no/[fingerprint])? yes
Warning: Permanently added '172.16.7.85' (ED25519) to the list of known hosts.

После подтверждения подлинности открытого ключа сервера ключ добавляется в файл ~/.ssh/known_hosts
Удаление файла приводит к необходимости нового подтверждения подлинности удалённого компьютера

3. Для копирования публичного ключа на удалённый компьютер можно использовать следующую программу ssh-copy-id:



tmp6@alexander-VirtualBox:~/.ssh$ ssh-copy-id -i jcrjkjrktcujdyj.pub Lisitsa@172.16.7.85
/usr/bin/ssh-copy-id: INFO: Source of key(s) to be installed: "jcrjkjrktcujdyj.pub"
/usr/bin/ssh-copy-id: INFO: attempting to log in with the new key(s), to filter out any that are already installed
/usr/bin/ssh-copy-id: INFO: 1 key(s) remain to be installed -- if you are prompted now it is to install the new keys
Lisitsa@172.16.7.85's password: 

Number of key(s) added: 1

Now try logging into the machine, with:   "ssh 'Lisitsa@172.16.7.85'"
and check to make sure that only the key(s) you wanted were added.


4.Для запоминания парольной фразы (к секретному ключу) используется программа ssh-agent:

tmp6@alexander-VirtualBox:~/.ssh$ eval $(ssh-agent -s)
Agent pid 2369
tmp6@alexander-VirtualBox:~/.ssh$ ssh-add ib_rsa
ib_rsa: No such file or directory

